<?xml version="1.0" encoding="utf-8"?><testsuites><testsuite name="pytest" errors="0" failures="0" skipped="0" tests="4" time="1.491" timestamp="2025-08-26T17:55:09.111674" hostname="DESKTOP-7B90G47"><testcase classname="api.tests.test_anomaly_detect" name="test_detect_endpoint" time="1.086" /><testcase classname="api.tests.test_endpoints" name="test_health" time="0.012" /><testcase classname="src.tests.test_data" name="test_placeholder" time="0.005" /><testcase classname="src.tests.test_models" name="test_models_placeholder" time="0.003" /></testsuite></testsuites>